[qrcodes.pro/DwfupT.html]
[backblue.gif]
[fade.gif]
[index.html]
[d3nvy39jvu7woe.cloudfront.net/static/css/vcard_template_css/vcard_plus_default129e.css]
[connect.facebook.net/en_US/fbevents.js]
[d3nvy39jvu7woe.cloudfront.net/static/images/vcard_plus/contact.png]
[d3nvy39jvu7woe.cloudfront.net/static/images/vcard_plus/email.png]
[qrcodes.pro/nearbee.co/vcard/622083/Rushi_P.1600.vcf]
[d3nvy39jvu7woe.cloudfront.net/static/images/vcard_plus/contact_button.png]
[d3nvy39jvu7woe.cloudfront.net/static/images/vcard_plus/social_link_icons/linkedin_icon.png]
[d3nvy39jvu7woe.cloudfront.net/static/images/footer/beaconstac_logo.png]
[qrcodes.pro/DwfupT.html]
[d3nvy39jvu7woe.cloudfront.net/static/css/vcard_template_css/vcard_plus_default129e.css]
[d3nvy39jvu7woe.cloudfront.net/static/css/markdown_template_css/bs_generic2048.css]
[qrcodes.pro/c]
[qrcodes.pro/b]
[qrcodes.pro/POST]
[connect.facebook.net/en_US/fbevents.js]
[qrcodes.pro/c.html]
[qrcodes.pro/b.html]
[qrcodes.pro/POST.html]
